[k/↑] move up                           [K] bulk re-key selected
[j/↓] move down                         [H] health check
[enter/l] open                          [?] toggle help
[/] search                              [q] quit
[i] file info                           [g] go to top
[space] toggle select                   [G] go to bottom