[k/↑] move up    [K] bulk re-key s  ____   ___  ____  ____
[j/↓] move down  [H] health check  / ___| / _ \|  _ \/ ___|
[enter/l] open   [?] toggle help   \___ \| | | | |_) \___ \
[/] search       [q] quit           ___) | |_| |  __/ ___) |
[i] file info    [g] go to top     |____/ \___/|_|   |____/
[space] toggle se[G] go to bottom                       tui
 <sops-tui> <files>
┌─ Files (0) ──────────────────────────────────────────────┐
│ No SOPS files found                                      │
│                                                          │
│ No .sops.yaml discovered in this directory or parents.   │
│ Run sops-tui in a repository with a .sops.yaml           │
│ configuration.                                           │
│                                                          │
│                                                          │
│                                                          │
│                                                          │
│                                                          │
│                                                          │
│                                                          │
│                                                          │
│                                                          │
└──────────────────────────────────────────────────────────┘
                            sops:✓ age:✓ .sops.yaml:✓ no git